.TH JNS 1 "13 April 2020"  JNS "MAN PAGE SIMPLE SHELL"
.SH NAME
.B JNS
- command interpreter(Shell)
.SH SYNOPSIS
.B Interactive mode 
.TP
.B ./JNS
.TP
$ <command> <flag1> <flag2> …
.TP
$ ls
.TP
$ ls -lan
.TP
$ mkdir hello
.TP
.B Non-interactive mode
.TP
Command | ./JNS
.TP
echo “/bin/ls” | ./JNS
.TP
echo “ls -l” | ./JNS
.SH Description
JNS is a UNIX-like command interpreter, based on the dash operation. Based on this, JNS initially reads a 
command as input, looks for this command in its environment, analyzes if this command exists and finally executes the command with its respective arguments.
.SH Builtin commands
.B Exit
- Ends the shell by returning an output state
.TP
.B Env
- Prints environment variables and their values with "name = value" notation
.TP
.B Clear
- clean the terminal screen
.SH Commands
.B Absolute path
.TP
This shell executes commands given in the form of an absolute path:
.TP
.B Input
.TP
$ /bin/ls -l
.TP
.B Output
.TP
total 76
.TP
-rw-r--r-- 1 nicolastobon09 nicolastobon09   169 abr  8 22:17 main.c
.TP
-rw-r--r-- 1 nicolastobon09 nicolastobon09  2092 abr 13 12:43 concatenation_process.c
.TP
-rw-r--r-- 1 nicolastobon09 nicolastobon09   127 abr 13 12:43 free_all.c
.TP
.B Input
.TP
$ /bin/ls /var
.TP
.B Output
.TP
backups  cache  crash  lib  local  lock  log  mail  metrics  opt  run  snap  spool  tmp
.TP
.B Without absolute path
.TP
This shell executes commands given without an absolute path, in this case it searches the command given as input inside each one of the directories of PATH.
.TP
Input
.TP
$ ls
.TP
Output
.TP
functions_aux.c     main.c      print_error.c       save_commands.c
.TP
Input
.TP
$ touch hello.txt
.TP
Output
.TP
functions_aux.c     main.c      print_error.c       save_commands.c     hello.txt
.SH Exit Status
If the execution of the command is successful the value returned will be EXIT_SUCCESS which is equivalent to 0, otherwise the value returned will be different from 0 depending on the type of error and will print an error message
.SH SEE ALSO
.I sh(1), ksh(1), bash(2).
.SH BUGS
No known bugs.
.SH AUTHOR
Jose Alonso Restrepo Vidal. (https://github.com/JoseR98)
.PP
Nicolas Alvarez Tobon. (https://github.com/NICOLASTOBON)